// Jest Snapshot v1, https://goo.gl/fbAQLP

exports[`BoardSelector component displays a board selector 1`] = `
<div
  className="col s12 m4"
>
  <div
    className="card blue-grey darken-1"
  >
    <div
      className="card-content"
    />
    <div
      className="card-action center-align"
    >
      <button
        className="waves-effect waves-light btn blue-grey btn-large darken-4"
        onClick={[Function]}
      >
        Init 9x9 board
      </button>
    </div>
  </div>
</div>
`;
